PC <- 2
ACC <- 1


PC <- 4
ACC <- 1


PC <- 6
ACC <- 1


PC <- 8
ACC <- 1
OUTPUT: 1


PC <- 10
ACC <- 1
OUTPUT: 1


PC <- 12
ACC <- 5


PC <- 14
ACC <- 4


PC <- 16
ACC <- 3


PC <- 18
ACC <- 3


PC <- 20
ACC <- 1


PC <- 22
ACC <- 2


PC <- 25
ACC <- 2


PC <- 27
ACC <- 2


PC <- 29
ACC <- 2
OUTPUT: 2


PC <- 31
ACC <- 3


PC <- 33
ACC <- 2


PC <- 35
ACC <- 2


PC <- 18
ACC <- 2


PC <- 20
ACC <- 2


PC <- 22
ACC <- 3


PC <- 25
ACC <- 3


PC <- 27
ACC <- 3


PC <- 29
ACC <- 3
OUTPUT: 3


PC <- 31
ACC <- 2


PC <- 33
ACC <- 1


PC <- 35
ACC <- 1


PC <- 18
ACC <- 1


PC <- 20
ACC <- 3


PC <- 22
ACC <- 5


PC <- 25
ACC <- 5


PC <- 27
ACC <- 5


PC <- 29
ACC <- 5
OUTPUT: 5


PC <- 31
ACC <- 1


PC <- 33
ACC <- 0


PC <- 35
ACC <- 0


PC <- 37
ACC <- 0


PC <- 39
ACC <- 0


PC <- 40
ACC <- 0
